[30Apr.2026 15:15:28.530] [main/INFO] [cpw.mods.modlauncher.Launcher/MODLAUNCHER]: ModLauncher running: args [--launchTarget, neoforgeclientdev, --version, 21.8.31, --assetIndex, 26, --assetsDir, C:\\Users\\julia\\.mcreator\\gradle\\caches\\neoformruntime\\assets, --fml.fmlVersion, 9.0.16, --fml.mcVersion, 1.21.8, --fml.neoForgeVersion, 21.8.31, --fml.neoFormVersion, 20250717.133445]
[30Apr.2026 15:15:28.532] [main/INFO] [cpw.mods.modlauncher.Launcher/MODLAUNCHER]: JVM identified as Eclipse Adoptium OpenJDK 64-Bit Server VM 21.0.7+6-LTS
[30Apr.2026 15:15:28.533] [main/INFO] [cpw.mods.modlauncher.Launcher/MODLAUNCHER]: ModLauncher 9.0 starting: java version 21.0.7 by Eclipse Adoptium; OS Windows 11 arch amd64 version 10.0
[30Apr.2026 15:15:28.567] [main/DEBUG] [cpw.mods.modlauncher.LaunchServiceHandler/MODLAUNCHER]: Found launch services [minecraft,neoforgeclientdatadev,neoforgeserver,testharness,neoforgejunitdev,neoforgegametestserverdev,neoforgeclient,neoforgeserverdev,neoforgeclientdev,neoforgeserverdatadev]
[30Apr.2026 15:15:28.593] [main/DEBUG] [cpw.mods.modlauncher.LaunchPluginHandler/MODLAUNCHER]: Found launch plugins: [mixin,neoforgedevdistcleaner,slf4jfixer,runtime_enum_extender,accesstransformer]
[30Apr.2026 15:15:28.605] [main/DEBUG] [cpw.mods.modlauncher.TransformationServicesHandler/MODLAUNCHER]: Discovering transformation services
[30Apr.2026 15:15:28.609] [main/DEBUG] [net.neoforged.fml.loading.FMLPaths/CORE]: Path GAMEDIR is C:\Users\julia\MCreatorWorkspaces\dungerramityd\run
[30Apr.2026 15:15:28.610] [main/DEBUG] [net.neoforged.fml.loading.FMLPaths/CORE]: Path MODSDIR is C:\Users\julia\MCreatorWorkspaces\dungerramityd\run\mods
[30Apr.2026 15:15:28.610] [main/DEBUG] [net.neoforged.fml.loading.FMLPaths/CORE]: Path CONFIGDIR is C:\Users\julia\MCreatorWorkspaces\dungerramityd\run\config
[30Apr.2026 15:15:28.610] [main/DEBUG] [net.neoforged.fml.loading.FMLPaths/CORE]: Path FMLCONFIG is C:\Users\julia\MCreatorWorkspaces\dungerramityd\run\config\fml.toml
[30Apr.2026 15:15:28.650] [main/DEBUG] [net.neoforged.fml.loading.targets.CommonLaunchHandler/CORE]: Got mod coordinates mcreator%%C:\\Users\\julia\\MCreatorWorkspaces\\dungerramityd\\build\\classes\\java\\main;mcreator%%C:\\Users\\julia\\MCreatorWorkspaces\\dungerramityd\\build\\resources\\main from env
[30Apr.2026 15:15:28.652] [main/DEBUG] [net.neoforged.fml.loading.targets.CommonLaunchHandler/CORE]: Found supplied mod coordinates [{mcreator=[C:\Users\julia\MCreatorWorkspaces\dungerramityd\build\classes\java\main, C:\Users\julia\MCreatorWorkspaces\dungerramityd\build\resources\main]}]
[30Apr.2026 15:15:28.656] [main/DEBUG] [cpw.mods.modlauncher.TransformationServicesHandler/MODLAUNCHER]: Found additional transformation services from discovery services: 
[30Apr.2026 15:15:28.666] [main/INFO] [net.neoforged.fml.loading.ImmediateWindowHandler/]: Loading ImmediateWindowProvider fmlearlywindow
[30Apr.2026 15:15:28.715] [main/DEBUG] [net.neoforged.fml.earlydisplay.theme.ThemeLoader/]: Loading built-in theme default
[30Apr.2026 15:15:29.131] [main/DEBUG] [cpw.mods.modlauncher.TransformationServicesHandler/MODLAUNCHER]: Found transformer services : [mixin,fml]
[30Apr.2026 15:15:29.131] [main/DEBUG] [cpw.mods.modlauncher.TransformationServicesHandler/MODLAUNCHER]: Transformation services loading
[30Apr.2026 15:15:29.133] [main/DEBUG] [cpw.mods.modlauncher.TransformationServiceDecorator/MODLAUNCHER]: Loading service mixin
[30Apr.2026 15:15:29.133] [main/DEBUG] [cpw.mods.modlauncher.TransformationServiceDecorator/MODLAUNCHER]: Loaded service mixin
[30Apr.2026 15:15:29.133] [main/DEBUG] [cpw.mods.modlauncher.TransformationServiceDecorator/MODLAUNCHER]: Loading service fml
[30Apr.2026 15:15:29.134] [main/DEBUG] [net.neoforged.fml.loading.FMLLoader/CORE]: FML 9.0.16 loading
[30Apr.2026 15:15:29.134] [main/DEBUG] [net.neoforged.fml.loading.FMLLoader/CORE]: FML found ModLauncher version : 9.0
[30Apr.2026 15:15:29.135] [main/DEBUG] [net.neoforged.fml.loading.FMLLoader/CORE]: FML found AccessTransformer version : 11.0.2+90f14086
[30Apr.2026 15:15:29.135] [main/DEBUG] [net.neoforged.fml.loading.FMLLoader/CORE]: FML found EventBus version : null
[30Apr.2026 15:15:29.136] [main/DEBUG] [net.neoforged.fml.loading.FMLLoader/CORE]: Found NeoForgeDev Dist Cleaner
[30Apr.2026 15:15:29.136] [main/DEBUG] [cpw.mods.modlauncher.TransformationServiceDecorator/MODLAUNCHER]: Loaded service fml
[30Apr.2026 15:15:29.137] [main/DEBUG] [cpw.mods.modlauncher.TransformationServicesHandler/MODLAUNCHER]: Configuring option handling for services
[30Apr.2026 15:15:29.153] [main/DEBUG] [net.neoforged.fml.loading.FMLServiceProvider/CORE]: Received command line version data  : VersionInfo[neoForgeVersion=21.8.31, fmlVersion=9.0.16, mcVersion=1.21.8, neoFormVersion=20250717.133445]
[30Apr.2026 15:15:29.156] [main/DEBUG] [cpw.mods.modlauncher.TransformationServicesHandler/MODLAUNCHER]: Transformation services initializing
[30Apr.2026 15:15:29.156] [main/DEBUG] [cpw.mods.modlauncher.TransformationServiceDecorator/MODLAUNCHER]: Initializing transformation service mixin
[30Apr.2026 15:15:29.174] [main/DEBUG] [mixin/]: MixinService [ModLauncher] was successfully booted in cpw.mods.cl.ModuleClassLoader@65e98b1c
[30Apr.2026 15:15:29.187] [main/INFO] [mixin/]: SpongePowered MIXIN Subsystem Version=0.8.7 Source=union:/C:/Users/julia/.mcreator/gradle/caches/modules-2/files-2.1/net.fabricmc/sponge-mixin/0.15.2+mixin.0.8.7/2af2f021d8e02a0220dc27a7a72b4666d66d44ca/sponge-mixin-0.15.2+mixin.0.8.7.jar%23157!/ Service=ModLauncher Env=CLIENT
[30Apr.2026 15:15:29.197] [main/DEBUG] [mixin/]: Initialising Mixin Platform Manager
[30Apr.2026 15:15:29.197] [main/DEBUG] [mixin/]: Adding mixin platform agents for container ModLauncher Root Container(ModLauncher:4f56a0a2)
[30Apr.2026 15:15:29.198] [main/DEBUG] [mixin/]: Instancing new MixinPlatformAgentMinecraftForge for ModLauncher Root Container(ModLauncher:4f56a0a2)
[30Apr.2026 15:15:29.199] [main/DEBUG] [mixin/]: MixinPlatformAgentMinecraftForge rejected container ModLauncher Root Container(ModLauncher:4f56a0a2)
[30Apr.2026 15:15:29.200] [main/DEBUG] [mixin/]: Instancing new MixinPlatformAgentDefault for ModLauncher Root Container(ModLauncher:4f56a0a2)
[30Apr.2026 15:15:29.200] [main/DEBUG] [mixin/]: MixinPlatformAgentDefault accepted container ModLauncher Root Container(ModLauncher:4f56a0a2)
[30Apr.2026 15:15:29.205] [main/DEBUG] [cpw.mods.modlauncher.TransformationServiceDecorator/MODLAUNCHER]: Initialized transformation service mixin
[30Apr.2026 15:15:29.205] [main/DEBUG] [cpw.mods.modlauncher.TransformationServiceDecorator/MODLAUNCHER]: Initializing transformation service fml
[30Apr.2026 15:15:29.205] [main/DEBUG] [net.neoforged.fml.loading.FMLServiceProvider/CORE]: Setting up basic FML game directories
[30Apr.2026 15:15:29.206] [main/DEBUG] [net.neoforged.fml.loading.FMLPaths/CORE]: Path GAMEDIR is C:\Users\julia\MCreatorWorkspaces\dungerramityd\run
[30Apr.2026 15:15:29.206] [main/DEBUG] [net.neoforged.fml.loading.FMLPaths/CORE]: Path MODSDIR is C:\Users\julia\MCreatorWorkspaces\dungerramityd\run\mods
[30Apr.2026 15:15:29.207] [main/DEBUG] [net.neoforged.fml.loading.FMLPaths/CORE]: Path CONFIGDIR is C:\Users\julia\MCreatorWorkspaces\dungerramityd\run\config
[30Apr.2026 15:15:29.207] [main/DEBUG] [net.neoforged.fml.loading.FMLPaths/CORE]: Path FMLCONFIG is C:\Users\julia\MCreatorWorkspaces\dungerramityd\run\config\fml.toml
[30Apr.2026 15:15:29.207] [main/DEBUG] [net.neoforged.fml.loading.FMLServiceProvider/CORE]: Loading configuration
[30Apr.2026 15:15:29.211] [main/DEBUG] [net.neoforged.fml.loading.FMLServiceProvider/CORE]: Preparing launch handler
[30Apr.2026 15:15:29.211] [main/DEBUG] [net.neoforged.fml.loading.FMLLoader/CORE]: Using neoforgeclientdev as launch service
[30Apr.2026 15:15:29.213] [main/DEBUG] [cpw.mods.modlauncher.TransformationServiceDecorator/MODLAUNCHER]: Initialized transformation service fml
[30Apr.2026 15:15:29.213] [main/DEBUG] [cpw.mods.modlauncher.TransformationServicesHandler/MODLAUNCHER]: Transformation services begin scanning
[30Apr.2026 15:15:29.214] [main/DEBUG] [cpw.mods.modlauncher.TransformationServiceDecorator/MODLAUNCHER]: Beginning scan trigger - transformation service mixin
[30Apr.2026 15:15:29.215] [main/DEBUG] [cpw.mods.modlauncher.TransformationServiceDecorator/MODLAUNCHER]: End scan trigger - transformation service mixin
[30Apr.2026 15:15:29.215] [main/DEBUG] [cpw.mods.modlauncher.TransformationServiceDecorator/MODLAUNCHER]: Beginning scan trigger - transformation service fml
[30Apr.2026 15:15:29.215] [main/DEBUG] [net.neoforged.fml.loading.FMLServiceProvider/CORE]: Initiating mod scan
[30Apr.2026 15:15:29.215] [main/DEBUG] [net.neoforged.fml.loading.targets.CommonLaunchHandler/CORE]: Got mod coordinates mcreator%%C:\\Users\\julia\\MCreatorWorkspaces\\dungerramityd\\build\\classes\\java\\main;mcreator%%C:\\Users\\julia\\MCreatorWorkspaces\\dungerramityd\\build\\resources\\main from env
[30Apr.2026 15:15:29.216] [main/DEBUG] [net.neoforged.fml.loading.targets.CommonLaunchHandler/CORE]: Found supplied mod coordinates [{mcreator=[C:\Users\julia\MCreatorWorkspaces\dungerramityd\build\classes\java\main, C:\Users\julia\MCreatorWorkspaces\dungerramityd\build\resources\main]}]
[30Apr.2026 15:15:29.217] [main/DEBUG] [net.neoforged.fml.loading.targets.NeoForgeDevLaunchHandler/]: Launching with NeoForge from C:\Users\julia\MCreatorWorkspaces\dungerramityd\build\moddev\artifacts\neoforge-21.8.31-merged.jar
[30Apr.2026 15:15:29.230] [main/DEBUG] [net.neoforged.fml.util.ServiceLoaderUtil/CORE]: Found 4 implementations of IModFileCandidateLocator:
[30Apr.2026 15:15:29.230] [main/DEBUG] [net.neoforged.fml.util.ServiceLoaderUtil/CORE]: 	       0 - [built-in] net.neoforged.fml.loading.moddiscovery.locators.NeoForgeDevProvider from loader-9.0.16.jar
[30Apr.2026 15:15:29.231] [main/DEBUG] [net.neoforged.fml.util.ServiceLoaderUtil/CORE]: 	       0 - net.neoforged.fml.loading.moddiscovery.locators.ModsFolderLocator from loader-9.0.16.jar
[30Apr.2026 15:15:29.231] [main/DEBUG] [net.neoforged.fml.util.ServiceLoaderUtil/CORE]: 	       0 - net.neoforged.fml.loading.moddiscovery.locators.MavenDirectoryLocator from loader-9.0.16.jar
[30Apr.2026 15:15:29.231] [main/DEBUG] [net.neoforged.fml.util.ServiceLoaderUtil/CORE]: 	   -1000 - [built-in] net.neoforged.fml.loading.moddiscovery.locators.UserdevLocator from loader-9.0.16.jar
[30Apr.2026 15:15:29.234] [main/DEBUG] [net.neoforged.fml.util.ServiceLoaderUtil/CORE]: Found 2 implementations of IModFileReader:
[30Apr.2026 15:15:29.234] [main/DEBUG] [net.neoforged.fml.util.ServiceLoaderUtil/CORE]: 	       0 - net.neoforged.fml.loading.moddiscovery.readers.JarModsDotTomlModFileReader from loader-9.0.16.jar
[30Apr.2026 15:15:29.234] [main/DEBUG] [net.neoforged.fml.util.ServiceLoaderUtil/CORE]: 	   -1000 - net.neoforged.fml.loading.moddiscovery.readers.NestedLibraryModReader from loader-9.0.16.jar
[30Apr.2026 15:15:29.235] [main/DEBUG] [net.neoforged.fml.util.ServiceLoaderUtil/CORE]: Found 1 implementations of IDependencyLocator:
[30Apr.2026 15:15:29.236] [main/DEBUG] [net.neoforged.fml.util.ServiceLoaderUtil/CORE]: 	       0 - net.neoforged.fml.loading.moddiscovery.locators.JarInJarDependencyLocator from loader-9.0.16.jar
[30Apr.2026 15:15:29.335] [main/DEBUG] [net.neoforged.fml.loading.moddiscovery.ModFileInfo/LOADING]: Found valid mod file neoforge-21.8.31-merged.jar with {minecraft} mods - versions {1.21.8}
[30Apr.2026 15:15:29.345] [main/DEBUG] [net.neoforged.fml.loading.moddiscovery.ModFileParser/LOADING]: Considering mod file candidate C:\Users\julia\MCreatorWorkspaces\dungerramityd\build\moddev\artifacts\neoforge-21.8.31-merged.jar
[30Apr.2026 15:15:29.361] [main/DEBUG] [net.neoforged.fml.loading.moddiscovery.ModFileInfo/LOADING]: Found valid mod file neoforge-21.8.31-merged.jar with {neoforge} mods - versions {21.8.31}
[30Apr.2026 15:15:29.366] [main/DEBUG] [net.neoforged.fml.loading.moddiscovery.ModListHandler/CORE]: Found mod coordinates from lists: []
[30Apr.2026 15:15:29.369] [main/DEBUG] [net.neoforged.fml.loading.moddiscovery.ModFileParser/LOADING]: Considering mod file candidate C:\Users\julia\MCreatorWorkspaces\dungerramityd\build\classes\java\main
[30Apr.2026 15:15:29.378] [main/DEBUG] [net.neoforged.fml.loading.moddiscovery.ModFileInfo/LOADING]: Found valid mod file main with {dnd} mods - versions {1.0.0}
[30Apr.2026 15:15:29.393] [main/DEBUG] [net.neoforged.fml.loading.moddiscovery.ModFileParser/LOADING]: Considering mod file candidate C:\Users\julia\MCreatorWorkspaces\dungerramityd\build\moddev\artifacts\neoforge-21.8.31-merged.jar
[30Apr.2026 15:15:29.394] [main/DEBUG] [net.neoforged.fml.loading.moddiscovery.ModFileInfo/LOADING]: Found valid mod file neoforge-21.8.31-merged.jar with {neoforge} mods - versions {21.8.31}
[30Apr.2026 15:15:29.406] [fml-loadingscreen/INFO] [net.neoforged.fml.earlydisplay.render.LoadingScreenRenderer/]: GL info: NVIDIA GeForce RTX 4070 Laptop GPU/PCIe/SSE2 GL version 3.2.0 NVIDIA 595.97, NVIDIA Corporation
[30Apr.2026 15:15:29.460] [fml-loadingscreen/DEBUG] [net.neoforged.fml.earlydisplay.render.elements.MojangLogoElement/]: Failed to load Mojang logo from assets/minecraft/textures/gui/title/mojangstudios.png
[30Apr.2026 15:15:29.691] [main/DEBUG] [net.neoforged.fml.loading.UniqueModListBuilder/]: Found 2 mods for first modid neoforge, selecting most recent based on version data
[30Apr.2026 15:15:29.691] [main/DEBUG] [net.neoforged.fml.loading.UniqueModListBuilder/]: Selected file neoforge-21.8.31-merged.jar for modid neoforge with version 21.8.31
[30Apr.2026 15:15:29.767] [main/INFO] [net.neoforged.fml.loading.moddiscovery.locators.JarInJarDependencyLocator/]: Found 2 dependencies adding them to mods collection
[30Apr.2026 15:15:29.768] [main/INFO] [net.neoforged.fml.loading.moddiscovery.ModDiscoverer/]: 
     Mod List:
		Name Version (Mod Id)

		D&D 1.0.0 (dnd)
		Minecraft 1.21.8 (minecraft)
		NeoForge 21.8.31 (neoforge)
[30Apr.2026 15:15:29.769] [main/DEBUG] [net.neoforged.fml.loading.moddiscovery.ModFileInfo/LOADING]: Found valid mod file neoforge-21.8.31-merged.jar with {minecraft} mods - versions {1.21.8}
[30Apr.2026 15:15:29.772] [main/DEBUG] [net.neoforged.fml.loading.moddiscovery.ModFile/LOADING]: Loading mod file C:\Users\julia\MCreatorWorkspaces\dungerramityd\build\moddev\artifacts\neoforge-21.8.31-merged.jar with languages [LanguageSpec[languageName=minecraft, acceptedVersions=1]]
[30Apr.2026 15:15:29.774] [main/DEBUG] [net.neoforged.fml.loading.moddiscovery.ModFileParser/LOADING]: Considering mod file candidate C:\Users\julia\MCreatorWorkspaces\dungerramityd\build\classes\java\main
[30Apr.2026 15:15:29.778] [main/DEBUG] [net.neoforged.fml.loading.moddiscovery.ModFileInfo/LOADING]: Found valid mod file main with {dnd} mods - versions {1.0.0}
[30Apr.2026 15:15:29.779] [main/DEBUG] [net.neoforged.fml.loading.moddiscovery.ModFile/LOADING]: Loading mod file C:\Users\julia\MCreatorWorkspaces\dungerramityd\build\classes\java\main with languages [LanguageSpec[languageName=javafml, acceptedVersions=[4,)]]
[30Apr.2026 15:15:29.779] [main/DEBUG] [net.neoforged.fml.loading.moddiscovery.ModFileParser/LOADING]: Considering mod file candidate C:\Users\julia\MCreatorWorkspaces\dungerramityd\build\moddev\artifacts\neoforge-21.8.31-merged.jar
[30Apr.2026 15:15:29.781] [main/DEBUG] [net.neoforged.fml.loading.moddiscovery.ModFileInfo/LOADING]: Found valid mod file neoforge-21.8.31-merged.jar with {neoforge} mods - versions {21.8.31}
[30Apr.2026 15:15:29.781] [main/DEBUG] [net.neoforged.fml.loading.moddiscovery.ModFile/LOADING]: Loading mod file C:\Users\julia\MCreatorWorkspaces\dungerramityd\build\moddev\artifacts\neoforge-21.8.31-merged.jar with languages [LanguageSpec[languageName=javafml, acceptedVersions=[3,]]]
[30Apr.2026 15:15:29.784] [main/DEBUG] [net.neoforged.fml.loading.moddiscovery.ModFile/LOADING]: Found mixin config MixinConfig[config=neoforge.mixins.json, requiredMods=[]]
[30Apr.2026 15:15:29.787] [main/DEBUG] [net.neoforged.fml.loading.moddiscovery.ModFile/LOADING]: Loading mod file  with languages []
[30Apr.2026 15:15:29.789] [main/DEBUG] [cpw.mods.modlauncher.TransformationServiceDecorator/MODLAUNCHER]: End scan trigger - transformation service fml
[30Apr.2026 15:15:29.810] [main/DEBUG] [net.neoforged.fml.util.ServiceLoaderUtil/CORE]: Found 2 implementations of IModLanguageLoader:
[30Apr.2026 15:15:29.810] [main/DEBUG] [net.neoforged.fml.util.ServiceLoaderUtil/CORE]: 	net.neoforged.fml.javafmlmod.FMLJavaModLanguageProvider from loader-9.0.16.jar
[30Apr.2026 15:15:29.811] [main/DEBUG] [net.neoforged.fml.util.ServiceLoaderUtil/CORE]: 	net.neoforged.fml.mclanguageprovider.MinecraftModLanguageProvider from loader-9.0.16.jar
[30Apr.2026 15:15:29.812] [main/DEBUG] [net.neoforged.fml.loading.LanguageProviderLoader/CORE]: Found language provider javafml, version 9.0.16
[30Apr.2026 15:15:29.814] [main/DEBUG] [net.neoforged.fml.loading.LanguageProviderLoader/CORE]: Found language provider minecraft, version 9.0.16
[30Apr.2026 15:15:29.824] [main/DEBUG] [net.neoforged.fml.loading.ModSorter/]: Configured system mods: [minecraft, neoforge]
[30Apr.2026 15:15:29.824] [main/DEBUG] [net.neoforged.fml.loading.ModSorter/]: Found system mod: minecraft
[30Apr.2026 15:15:29.824] [main/DEBUG] [net.neoforged.fml.loading.ModSorter/]: Found system mod: neoforge
[30Apr.2026 15:15:29.828] [main/DEBUG] [net.neoforged.fml.loading.ModSorter/LOADING]: Found 2 mod requirements (2 mandatory, 0 optional)
[30Apr.2026 15:15:29.830] [main/DEBUG] [net.neoforged.fml.loading.ModSorter/LOADING]: Found 0 mod requirements missing (0 mandatory, 0 optional)
[30Apr.2026 15:15:29.899] [main/DEBUG] [mixin/]: Adding mixin platform agents for container net.neoforged.fml.loading.mixin.FMLMixinContainerHandle@48284d0e
[30Apr.2026 15:15:29.900] [main/DEBUG] [mixin/]: Instancing new MixinPlatformAgentMinecraftForge for net.neoforged.fml.loading.mixin.FMLMixinContainerHandle@48284d0e
[30Apr.2026 15:15:29.900] [main/DEBUG] [mixin/]: MixinPlatformAgentMinecraftForge rejected container net.neoforged.fml.loading.mixin.FMLMixinContainerHandle@48284d0e
[30Apr.2026 15:15:29.900] [main/DEBUG] [mixin/]: Instancing new MixinPlatformAgentDefault for net.neoforged.fml.loading.mixin.FMLMixinContainerHandle@48284d0e
[30Apr.2026 15:15:29.900] [main/DEBUG] [mixin/]: MixinPlatformAgentDefault accepted container net.neoforged.fml.loading.mixin.FMLMixinContainerHandle@48284d0e
[30Apr.2026 15:15:29.900] [main/DEBUG] [mixin/]: Instancing new FMLMixinPlatformAgent for net.neoforged.fml.loading.mixin.FMLMixinContainerHandle@48284d0e
[30Apr.2026 15:15:29.900] [main/DEBUG] [mixin/]: FMLMixinPlatformAgent accepted container net.neoforged.fml.loading.mixin.FMLMixinContainerHandle@48284d0e
[30Apr.2026 15:15:29.934] [main/DEBUG] [cpw.mods.modlauncher.TransformationServicesHandler/MODLAUNCHER]: Transformation services loading transformers
[30Apr.2026 15:15:29.935] [main/DEBUG] [cpw.mods.modlauncher.TransformationServiceDecorator/MODLAUNCHER]: Initializing transformers for transformation service mixin
[30Apr.2026 15:15:29.937] [main/DEBUG] [cpw.mods.modlauncher.TransformationServiceDecorator/MODLAUNCHER]: Initialized transformers for transformation service mixin
[30Apr.2026 15:15:29.938] [main/DEBUG] [cpw.mods.modlauncher.TransformationServiceDecorator/MODLAUNCHER]: Initializing transformers for transformation service fml
[30Apr.2026 15:15:29.938] [main/DEBUG] [net.neoforged.fml.loading.FMLServiceProvider/LOADING]: Loading coremod transformers
[30Apr.2026 15:15:29.940] [main/DEBUG] [net.neoforged.fml.util.ServiceLoaderUtil/CORE]: Found 1 implementations of ICoreMod:
[30Apr.2026 15:15:29.941] [main/DEBUG] [net.neoforged.fml.util.ServiceLoaderUtil/CORE]: 	net.neoforged.neoforge.coremods.NeoForgeCoreMod from neoforge-21.8.31-merged.jar > net.neoforged.neoforge-coremods-21.8.31.jar
[30Apr.2026 15:15:29.959] [main/DEBUG] [net.neoforged.fml.loading.FMLServiceProvider/CORE]: Adding [Target[className=net.minecraft.world.level.biome.Biome, elementName=, elementDescriptor=, targetType=cpw.mods.modlauncher.api.TargetType@1b065145]] transformer from core-mod net.neoforged.neoforge.coremods.NeoForgeCoreMod@72e789cb in neoforge-21.8.31-merged.jar > net.neoforged.neoforge-coremods-21.8.31.jar
[30Apr.2026 15:15:29.960] [main/DEBUG] [net.neoforged.fml.loading.FMLServiceProvider/CORE]: Adding [Target[className=net.minecraft.world.level.levelgen.structure.Structure, elementName=, elementDescriptor=, targetType=cpw.mods.modlauncher.api.TargetType@1b065145]] transformer from core-mod net.neoforged.neoforge.coremods.NeoForgeCoreMod@72e789cb in neoforge-21.8.31-merged.jar > net.neoforged.neoforge-coremods-21.8.31.jar
[30Apr.2026 15:15:29.960] [main/DEBUG] [net.neoforged.fml.loading.FMLServiceProvider/CORE]: Adding [Target[className=net.minecraft.world.level.block.FlowerPotBlock, elementName=, elementDescriptor=, targetType=cpw.mods.modlauncher.api.TargetType@1b065145]] transformer from core-mod net.neoforged.neoforge.coremods.NeoForgeCoreMod@72e789cb in neoforge-21.8.31-merged.jar > net.neoforged.neoforge-coremods-21.8.31.jar
[30Apr.2026 15:15:29.960] [main/DEBUG] [net.neoforged.fml.loading.FMLServiceProvider/CORE]: Adding [Target[className=net/minecraft/world/level/NaturalSpawner, elementName=, elementDescriptor=, targetType=cpw.mods.modlauncher.api.TargetType@1b065145], Target[className=net/minecraft/world/level/levelgen/PatrolSpawner, elementName=, elementDescriptor=, targetType=cpw.mods.modlauncher.api.TargetType@1b065145], Target[className=net/minecraft/world/entity/ai/village/VillageSiege, elementName=, elementDescriptor=, targetType=cpw.mods.modlauncher.api.TargetType@1b065145], Target[className=net/minecraft/world/entity/monster/ZombieVillager, elementName=, elementDescriptor=, targetType=cpw.mods.modlauncher.api.TargetType@1b065145], Target[className=net/minecraft/world/entity/npc/CatSpawner, elementName=, elementDescriptor=, targetType=cpw.mods.modlauncher.api.TargetType@1b065145], Target[className=net/minecraft/server/commands/SummonCommand, elementName=, elementDescriptor=, targetType=cpw.mods.modlauncher.api.TargetType@1b065145], Target[className=net/minecraft/server/commands/RaidCommand, elementName=, elementDescriptor=, targetType=cpw.mods.modlauncher.api.TargetType@1b065145], Target[className=net/minecraft/world/entity/monster/Zombie, elementName=, elementDescriptor=, targetType=cpw.mods.modlauncher.api.TargetType@1b065145], Target[className=net/minecraft/world/level/levelgen/structure/structures/WoodlandMansionPieces$WoodlandMansionPiece, elementName=, elementDescriptor=, targetType=cpw.mods.modlauncher.api.TargetType@1b065145], Target[className=net/minecraft/world/entity/raid/Raid, elementName=, elementDescriptor=, targetType=cpw.mods.modlauncher.api.TargetType@1b065145], Target[className=net/minecraft/world/level/levelgen/structure/templatesystem/StructureTemplate, elementName=, elementDescriptor=, targetType=cpw.mods.modlauncher.api.TargetType@1b065145], Target[className=net/minecraft/world/entity/monster/Strider, elementName=, elementDescriptor=, targetType=cpw.mods.modlauncher.api.TargetType@1b065145], Target[className=net/minecraft/world/entity/EntityType, elementName=, elementDescriptor=, targetType=cpw.mods.modlauncher.api.TargetType@1b065145], Target[className=net/minecraft/world/entity/animal/horse/SkeletonTrapGoal, elementName=, elementDescriptor=, targetType=cpw.mods.modlauncher.api.TargetType@1b065145], Target[className=net/minecraft/world/level/levelgen/structure/structures/OceanRuinPieces$OceanRuinPiece, elementName=, elementDescriptor=, targetType=cpw.mods.modlauncher.api.TargetType@1b065145], Target[className=net/minecraft/world/entity/monster/Spider, elementName=, elementDescriptor=, targetType=cpw.mods.modlauncher.api.TargetType@1b065145], Target[className=net/minecraft/world/entity/monster/Evoker$EvokerSummonSpellGoal, elementName=, elementDescriptor=, targetType=cpw.mods.modlauncher.api.TargetType@1b065145], Target[className=net/minecraft/world/level/levelgen/structure/structures/OceanMonumentPieces$OceanMonumentPiece, elementName=, elementDescriptor=, targetType=cpw.mods.modlauncher.api.TargetType@1b065145], Target[className=net/minecraft/world/level/levelgen/PhantomSpawner, elementName=, elementDescriptor=, targetType=cpw.mods.modlauncher.api.TargetType@1b065145], Target[className=net/minecraft/world/entity/animal/frog/Tadpole, elementName=, elementDescriptor=, targetType=cpw.mods.modlauncher.api.TargetType@1b065145], Target[className=net/minecraft/world/level/levelgen/structure/structures/SwampHutPiece, elementName=, elementDescriptor=, targetType=cpw.mods.modlauncher.api.TargetType@1b065145], Target[className=net/minecraft/world/entity/npc/Villager, elementName=, elementDescriptor=, targetType=cpw.mods.modlauncher.api.TargetType@1b065145]] transformer from core-mod net.neoforged.neoforge.coremods.NeoForgeCoreMod@72e789cb in neoforge-21.8.31-merged.jar > net.neoforged.neoforge-coremods-21.8.31.jar
[30Apr.2026 15:15:29.969] [main/DEBUG] [cpw.mods.modlauncher.TransformStore/MODLAUNCHER]: Adding transformer net.neoforged.neoforge.coremods.ReplaceFieldWithGetterAccess@184dbacc to Target : cpw.mods.modlauncher.api.TargetType@1b065145 {Lnet/minecraft/world/level/biome/Biome;} {} {V}
[30Apr.2026 15:15:29.972] [main/DEBUG] [cpw.mods.modlauncher.TransformStore/MODLAUNCHER]: Adding transformer net.neoforged.neoforge.coremods.ReplaceFieldWithGetterAccess@301aa982 to Target : cpw.mods.modlauncher.api.TargetType@1b065145 {Lnet/minecraft/world/level/levelgen/structure/Structure;} {} {V}
[30Apr.2026 15:15:29.973] [main/DEBUG] [cpw.mods.modlauncher.TransformStore/MODLAUNCHER]: Adding transformer net.neoforged.neoforge.coremods.ReplaceFieldWithGetterAccess@5fc930f0 to Target : cpw.mods.modlauncher.api.TargetType@1b065145 {Lnet/minecraft/world/level/block/FlowerPotBlock;} {} {V}
[30Apr.2026 15:15:29.973] [main/DEBUG] [cpw.mods.modlauncher.TransformStore/MODLAUNCHER]: Adding transformer net.neoforged.neoforge.coremods.MethodRedirector@3701e6e4 to Target : cpw.mods.modlauncher.api.TargetType@1b065145 {Lnet/minecraft/world/level/NaturalSpawner;} {} {V}
[30Apr.2026 15:15:29.973] [main/DEBUG] [cpw.mods.modlauncher.TransformStore/MODLAUNCHER]: Adding transformer net.neoforged.neoforge.coremods.MethodRedirector@3701e6e4 to Target : cpw.mods.modlauncher.api.TargetType@1b065145 {Lnet/minecraft/world/level/levelgen/PatrolSpawner;} {} {V}
[30Apr.2026 15:15:29.973] [main/DEBUG] [cpw.mods.modlauncher.TransformStore/MODLAUNCHER]: Adding transformer net.neoforged.neoforge.coremods.MethodRedirector@3701e6e4 to Target : cpw.mods.modlauncher.api.TargetType@1b065145 {Lnet/minecraft/world/entity/ai/village/VillageSiege;} {} {V}
[30Apr.2026 15:15:29.973] [main/DEBUG] [cpw.mods.modlauncher.TransformStore/MODLAUNCHER]: Adding transformer net.neoforged.neoforge.coremods.MethodRedirector@3701e6e4 to Target : cpw.mods.modlauncher.api.TargetType@1b065145 {Lnet/minecraft/world/entity/monster/ZombieVillager;} {} {V}
[30Apr.2026 15:15:29.973] [main/DEBUG] [cpw.mods.modlauncher.TransformStore/MODLAUNCHER]: Adding transformer net.neoforged.neoforge.coremods.MethodRedirector@3701e6e4 to Target : cpw.mods.modlauncher.api.TargetType@1b065145 {Lnet/minecraft/world/entity/npc/CatSpawner;} {} {V}
[30Apr.2026 15:15:29.973] [main/DEBUG] [cpw.mods.modlauncher.TransformStore/MODLAUNCHER]: Adding transformer net.neoforged.neoforge.coremods.MethodRedirector@3701e6e4 to Target : cpw.mods.modlauncher.api.TargetType@1b065145 {Lnet/minecraft/server/commands/SummonCommand;} {} {V}
[30Apr.2026 15:15:29.973] [main/DEBUG] [cpw.mods.modlauncher.TransformStore/MODLAUNCHER]: Adding transformer net.neoforged.neoforge.coremods.MethodRedirector@3701e6e4 to Target : cpw.mods.modlauncher.api.TargetType@1b065145 {Lnet/minecraft/server/commands/RaidCommand;} {} {V}
[30Apr.2026 15:15:29.973] [main/DEBUG] [cpw.mods.modlauncher.TransformStore/MODLAUNCHER]: Adding transformer net.neoforged.neoforge.coremods.MethodRedirector@3701e6e4 to Target : cpw.mods.modlauncher.api.TargetType@1b065145 {Lnet/minecraft/world/entity/monster/Zombie;} {} {V}
[30Apr.2026 15:15:29.973] [main/DEBUG] [cpw.mods.modlauncher.TransformStore/MODLAUNCHER]: Adding transformer net.neoforged.neoforge.coremods.MethodRedirector@3701e6e4 to Target : cpw.mods.modlauncher.api.TargetType@1b065145 {Lnet/minecraft/world/level/levelgen/structure/structures/WoodlandMansionPieces$WoodlandMansionPiece;} {} {V}
[30Apr.2026 15:15:29.973] [main/DEBUG] [cpw.mods.modlauncher.TransformStore/MODLAUNCHER]: Adding transformer net.neoforged.neoforge.coremods.MethodRedirector@3701e6e4 to Target : cpw.mods.modlauncher.api.TargetType@1b065145 {Lnet/minecraft/world/entity/raid/Raid;} {} {V}
[30Apr.2026 15:15:29.973] [main/DEBUG] [cpw.mods.modlauncher.TransformStore/MODLAUNCHER]: Adding transformer net.neoforged.neoforge.coremods.MethodRedirector@3701e6e4 to Target : cpw.mods.modlauncher.api.TargetType@1b065145 {Lnet/minecraft/world/level/levelgen/structure/templatesystem/StructureTemplate;} {} {V}
[30Apr.2026 15:15:29.973] [main/DEBUG] [cpw.mods.modlauncher.TransformStore/MODLAUNCHER]: Adding transformer net.neoforged.neoforge.coremods.MethodRedirector@3701e6e4 to Target : cpw.mods.modlauncher.api.TargetType@1b065145 {Lnet/minecraft/world/entity/monster/Strider;} {} {V}
[30Apr.2026 15:15:29.975] [main/DEBUG] [cpw.mods.modlauncher.TransformStore/MODLAUNCHER]: Adding transformer net.neoforged.neoforge.coremods.MethodRedirector@3701e6e4 to Target : cpw.mods.modlauncher.api.TargetType@1b065145 {Lnet/minecraft/world/entity/EntityType;} {} {V}
[30Apr.2026 15:15:29.975] [main/DEBUG] [cpw.mods.modlauncher.TransformStore/MODLAUNCHER]: Adding transformer net.neoforged.neoforge.coremods.MethodRedirector@3701e6e4 to Target : cpw.mods.modlauncher.api.TargetType@1b065145 {Lnet/minecraft/world/entity/animal/horse/SkeletonTrapGoal;} {} {V}
[30Apr.2026 15:15:29.975] [main/DEBUG] [cpw.mods.modlauncher.TransformStore/MODLAUNCHER]: Adding transformer net.neoforged.neoforge.coremods.MethodRedirector@3701e6e4 to Target : cpw.mods.modlauncher.api.TargetType@1b065145 {Lnet/minecraft/world/level/levelgen/structure/structures/OceanRuinPieces$OceanRuinPiece;} {} {V}
[30Apr.2026 15:15:29.975] [main/DEBUG] [cpw.mods.modlauncher.TransformStore/MODLAUNCHER]: Adding transformer net.neoforged.neoforge.coremods.MethodRedirector@3701e6e4 to Target : cpw.mods.modlauncher.api.TargetType@1b065145 {Lnet/minecraft/world/entity/monster/Spider;} {} {V}
[30Apr.2026 15:15:29.975] [main/DEBUG] [cpw.mods.modlauncher.TransformStore/MODLAUNCHER]: Adding transformer net.neoforged.neoforge.coremods.MethodRedirector@3701e6e4 to Target : cpw.mods.modlauncher.api.TargetType@1b065145 {Lnet/minecraft/world/entity/monster/Evoker$EvokerSummonSpellGoal;} {} {V}
[30Apr.2026 15:15:29.975] [main/DEBUG] [cpw.mods.modlauncher.TransformStore/MODLAUNCHER]: Adding transformer net.neoforged.neoforge.coremods.MethodRedirector@3701e6e4 to Target : cpw.mods.modlauncher.api.TargetType@1b065145 {Lnet/minecraft/world/level/levelgen/structure/structures/OceanMonumentPieces$OceanMonumentPiece;} {} {V}
[30Apr.2026 15:15:29.975] [main/DEBUG] [cpw.mods.modlauncher.TransformStore/MODLAUNCHER]: Adding transformer net.neoforged.neoforge.coremods.MethodRedirector@3701e6e4 to Target : cpw.mods.modlauncher.api.TargetType@1b065145 {Lnet/minecraft/world/level/levelgen/PhantomSpawner;} {} {V}
[30Apr.2026 15:15:29.975] [main/DEBUG] [cpw.mods.modlauncher.TransformStore/MODLAUNCHER]: Adding transformer net.neoforged.neoforge.coremods.MethodRedirector@3701e6e4 to Target : cpw.mods.modlauncher.api.TargetType@1b065145 {Lnet/minecraft/world/entity/animal/frog/Tadpole;} {} {V}
[30Apr.2026 15:15:29.975] [main/DEBUG] [cpw.mods.modlauncher.TransformStore/MODLAUNCHER]: Adding transformer net.neoforged.neoforge.coremods.MethodRedirector@3701e6e4 to Target : cpw.mods.modlauncher.api.TargetType@1b065145 {Lnet/minecraft/world/level/levelgen/structure/structures/SwampHutPiece;} {} {V}
[30Apr.2026 15:15:29.975] [main/DEBUG] [cpw.mods.modlauncher.TransformStore/MODLAUNCHER]: Adding transformer net.neoforged.neoforge.coremods.MethodRedirector@3701e6e4 to Target : cpw.mods.modlauncher.api.TargetType@1b065145 {Lnet/minecraft/world/entity/npc/Villager;} {} {V}
[30Apr.2026 15:15:29.975] [main/DEBUG] [cpw.mods.modlauncher.TransformationServiceDecorator/MODLAUNCHER]: Initialized transformers for transformation service fml
[30Apr.2026 15:15:30.955] [main/DEBUG] [mixin/]: Processing prepare() for PlatformAgent[MixinPlatformAgentDefault:ModLauncher Root Container(ModLauncher:4f56a0a2)]
[30Apr.2026 15:15:30.956] [main/DEBUG] [mixin/]: Processing prepare() for PlatformAgent[MixinPlatformAgentDefault:net.neoforged.fml.loading.mixin.FMLMixinContainerHandle@48284d0e]
[30Apr.2026 15:15:30.956] [main/DEBUG] [mixin/]: Processing prepare() for PlatformAgent[FMLMixinPlatformAgent:null]
[30Apr.2026 15:15:31.079] [main/DEBUG] [mixin/]: Processing launch tasks for PlatformAgent[MixinPlatformAgentDefault:ModLauncher Root Container(ModLauncher:4f56a0a2)]
[30Apr.2026 15:15:31.080] [main/DEBUG] [mixin/]: Adding mixin platform agents for container SecureJarResource(mixin_synthetic)
[30Apr.2026 15:15:31.080] [main/DEBUG] [mixin/]: Instancing new MixinPlatformAgentMinecraftForge for SecureJarResource(mixin_synthetic)
[30Apr.2026 15:15:31.080] [main/DEBUG] [mixin/]: MixinPlatformAgentMinecraftForge rejected container SecureJarResource(mixin_synthetic)
[30Apr.2026 15:15:31.080] [main/DEBUG] [mixin/]: Instancing new MixinPlatformAgentDefault for SecureJarResource(mixin_synthetic)
[30Apr.2026 15:15:31.080] [main/DEBUG] [mixin/]: MixinPlatformAgentDefault accepted container SecureJarResource(mixin_synthetic)
[30Apr.2026 15:15:31.080] [main/DEBUG] [mixin/]: Instancing new FMLMixinPlatformAgent for SecureJarResource(mixin_synthetic)
[30Apr.2026 15:15:31.080] [main/DEBUG] [mixin/]: FMLMixinPlatformAgent rejected container SecureJarResource(mixin_synthetic)
[30Apr.2026 15:15:31.080] [main/DEBUG] [mixin/]: Processing prepare() for PlatformAgent[MixinPlatformAgentDefault:SecureJarResource(mixin_synthetic)]
[30Apr.2026 15:15:31.081] [main/DEBUG] [mixin/]: Adding mixin platform agents for container SecureJarResource(minecraft)
[30Apr.2026 15:15:31.081] [main/DEBUG] [mixin/]: Instancing new MixinPlatformAgentMinecraftForge for SecureJarResource(minecraft)
[30Apr.2026 15:15:31.081] [main/DEBUG] [mixin/]: MixinPlatformAgentMinecraftForge rejected container SecureJarResource(minecraft)
[30Apr.2026 15:15:31.081] [main/DEBUG] [mixin/]: Instancing new MixinPlatformAgentDefault for SecureJarResource(minecraft)
[30Apr.2026 15:15:31.081] [main/DEBUG] [mixin/]: MixinPlatformAgentDefault accepted container SecureJarResource(minecraft)
[30Apr.2026 15:15:31.081] [main/DEBUG] [mixin/]: Instancing new FMLMixinPlatformAgent for SecureJarResource(minecraft)
[30Apr.2026 15:15:31.081] [main/DEBUG] [mixin/]: FMLMixinPlatformAgent rejected container SecureJarResource(minecraft)
[30Apr.2026 15:15:31.081] [main/DEBUG] [mixin/]: Processing prepare() for PlatformAgent[MixinPlatformAgentDefault:SecureJarResource(minecraft)]
[30Apr.2026 15:15:31.083] [main/DEBUG] [mixin/]: Adding mixin platform agents for container SecureJarResource(dnd)
[30Apr.2026 15:15:31.083] [main/DEBUG] [mixin/]: Instancing new MixinPlatformAgentMinecraftForge for SecureJarResource(dnd)
[30Apr.2026 15:15:31.083] [main/DEBUG] [mixin/]: MixinPlatformAgentMinecraftForge rejected container SecureJarResource(dnd)
[30Apr.2026 15:15:31.083] [main/DEBUG] [mixin/]: Instancing new MixinPlatformAgentDefault for SecureJarResource(dnd)
[30Apr.2026 15:15:31.083] [main/DEBUG] [mixin/]: MixinPlatformAgentDefault accepted container SecureJarResource(dnd)
[30Apr.2026 15:15:31.083] [main/DEBUG] [mixin/]: Instancing new FMLMixinPlatformAgent for SecureJarResource(dnd)
[30Apr.2026 15:15:31.083] [main/DEBUG] [mixin/]: FMLMixinPlatformAgent rejected container SecureJarResource(dnd)
[30Apr.2026 15:15:31.084] [main/DEBUG] [mixin/]: Processing prepare() for PlatformAgent[MixinPlatformAgentDefault:SecureJarResource(dnd)]
[30Apr.2026 15:15:31.084] [main/DEBUG] [mixin/]: Adding mixin platform agents for container SecureJarResource(mixinextras.neoforge)
[30Apr.2026 15:15:31.084] [main/DEBUG] [mixin/]: Instancing new MixinPlatformAgentMinecraftForge for SecureJarResource(mixinextras.neoforge)
[30Apr.2026 15:15:31.084] [main/DEBUG] [mixin/]: MixinPlatformAgentMinecraftForge rejected container SecureJarResource(mixinextras.neoforge)
[30Apr.2026 15:15:31.084] [main/DEBUG] [mixin/]: Instancing new MixinPlatformAgentDefault for SecureJarResource(mixinextras.neoforge)
[30Apr.2026 15:15:31.084] [main/DEBUG] [mixin/]: MixinPlatformAgentDefault accepted container SecureJarResource(mixinextras.neoforge)
[30Apr.2026 15:15:31.084] [main/DEBUG] [mixin/]: Instancing new FMLMixinPlatformAgent for SecureJarResource(mixinextras.neoforge)
[30Apr.2026 15:15:31.084] [main/DEBUG] [mixin/]: FMLMixinPlatformAgent rejected container SecureJarResource(mixinextras.neoforge)
[30Apr.2026 15:15:31.084] [main/DEBUG] [mixin/]: Processing prepare() for PlatformAgent[MixinPlatformAgentDefault:SecureJarResource(mixinextras.neoforge)]
[30Apr.2026 15:15:31.085] [main/DEBUG] [mixin/]: Registering mixin config: mixinextras.init.mixins.json source=SecureJarResource(mixinextras.neoforge)
[30Apr.2026 15:15:31.086] [main/DEBUG] [mixin/]: inject() running with 6 agents
[30Apr.2026 15:15:31.086] [main/DEBUG] [mixin/]: Processing inject() for PlatformAgent[MixinPlatformAgentDefault:ModLauncher Root Container(ModLauncher:4f56a0a2)]
[30Apr.2026 15:15:31.086] [main/DEBUG] [mixin/]: Processing inject() for PlatformAgent[MixinPlatformAgentDefault:net.neoforged.fml.loading.mixin.FMLMixinContainerHandle@48284d0e]
[30Apr.2026 15:15:31.087] [main/DEBUG] [mixin/]: Processing inject() for PlatformAgent[FMLMixinPlatformAgent:null]
[30Apr.2026 15:15:31.087] [main/DEBUG] [mixin/]: Processing inject() for PlatformAgent[MixinPlatformAgentDefault:SecureJarResource(mixin_synthetic)]
[30Apr.2026 15:15:31.087] [main/DEBUG] [mixin/]: Processing inject() for PlatformAgent[MixinPlatformAgentDefault:SecureJarResource(minecraft)]
[30Apr.2026 15:15:31.087] [main/DEBUG] [mixin/]: Processing inject() for PlatformAgent[MixinPlatformAgentDefault:SecureJarResource(dnd)]
[30Apr.2026 15:15:31.087] [main/DEBUG] [mixin/]: Processing inject() for PlatformAgent[MixinPlatformAgentDefault:SecureJarResource(mixinextras.neoforge)]
[30Apr.2026 15:15:31.087] [main/INFO] [cpw.mods.modlauncher.LaunchServiceHandler/MODLAUNCHER]: Launching target 'neoforgeclientdev' with arguments [--version, 21.8.31, --assetsDir, C:\Users\julia\.mcreator\gradle\caches\neoformruntime\assets, --assetIndex, 26]
[30Apr.2026 15:15:31.211] [main/DEBUG] [mixin/]: Preparing mixins for MixinEnvironment[DEFAULT]
[30Apr.2026 15:15:31.217] [main/DEBUG] [mixin/]: Selecting config neoforge.mixins.json
[30Apr.2026 15:15:31.236] [main/DEBUG] [mixin/]: Selecting config mixinextras.init.mixins.json
[30Apr.2026 15:15:31.362] [main/DEBUG] [MixinExtras|Service/]: com.llamalad7.mixinextras.service.MixinExtrasServiceImpl(version=0.5.0) is taking over from null
[30Apr.2026 15:15:31.461] [main/DEBUG] [mixin/]: Registering new injector for @Inject with org.spongepowered.asm.mixin.injection.struct.CallbackInjectionInfo
[30Apr.2026 15:15:31.463] [main/DEBUG] [mixin/]: Registering new injector for @ModifyArg with org.spongepowered.asm.mixin.injection.struct.ModifyArgInjectionInfo
[30Apr.2026 15:15:31.464] [main/DEBUG] [mixin/]: Registering new injector for @ModifyArgs with org.spongepowered.asm.mixin.injection.struct.ModifyArgsInjectionInfo
[30Apr.2026 15:15:31.466] [main/DEBUG] [mixin/]: Registering new injector for @Redirect with org.spongepowered.asm.mixin.injection.struct.RedirectInjectionInfo
[30Apr.2026 15:15:31.468] [main/DEBUG] [mixin/]: Registering new injector for @ModifyVariable with org.spongepowered.asm.mixin.injection.struct.ModifyVariableInjectionInfo
[30Apr.2026 15:15:31.469] [main/DEBUG] [mixin/]: Registering new injector for @ModifyConstant with org.spongepowered.asm.mixin.injection.struct.ModifyConstantInjectionInfo
[30Apr.2026 15:15:31.490] [main/DEBUG] [mixin/]: Preparing neoforge.mixins.json (2)
[30Apr.2026 15:15:31.585] [main/DEBUG] [mixin/]: Preparing mixinextras.init.mixins.json (0)
[30Apr.2026 15:15:31.594] [main/DEBUG] [mixin/]: Prepared 2 mixins in 0,375 sec (187,5ms avg) (0ms load, 0ms transform, 0ms plugin)
